// Vitest Snapshot v1, https://vitest.dev/guide/snapshot.html

exports[`EditableTodoList component > matches snapshot 1`] = `
<DocumentFragment>
  <div>
    <div
      class="EditableTodo"
    >
      <div
        class="mb-3"
      >
        <div
          class="float-end text-sm-end"
        >
          <button
            class="EditableTodo-toggle btn-link btn btn-sm"
          >
            Edit
          </button>
          <button
            class="EditableTodo-delBtn btn-link btn btn-sm text-danger"
          >
            Del
          </button>
        </div>
        <div
          class="Todo"
          id="1"
        >
          <div>
            <b>
              title1
            </b>
             
            <small>
              Priority: 1
            </small>
          </div>
          <div>
            <small>
              description1
            </small>
          </div>
        </div>
      </div>
    </div>
    <div
      class="EditableTodo"
    >
      <div
        class="mb-3"
      >
        <div
          class="float-end text-sm-end"
        >
          <button
            class="EditableTodo-toggle btn-link btn btn-sm"
          >
            Edit
          </button>
          <button
            class="EditableTodo-delBtn btn-link btn btn-sm text-danger"
          >
            Del
          </button>
        </div>
        <div
          class="Todo"
          id="2"
        >
          <div>
            <b>
              title2
            </b>
             
            <small>
              Priority: 2
            </small>
          </div>
          <div>
            <small>
              description2
            </small>
          </div>
        </div>
      </div>
    </div>
    <div
      class="EditableTodo"
    >
      <div
        class="mb-3"
      >
        <div
          class="float-end text-sm-end"
        >
          <button
            class="EditableTodo-toggle btn-link btn btn-sm"
          >
            Edit
          </button>
          <button
            class="EditableTodo-delBtn btn-link btn btn-sm text-danger"
          >
            Del
          </button>
        </div>
        <div
          class="Todo"
          id="3"
        >
          <div>
            <b>
              title3
            </b>
             
            <small>
              Priority: 3
            </small>
          </div>
          <div>
            <small>
              description3
            </small>
          </div>
        </div>
      </div>
    </div>
  </div>
</DocumentFragment>
`;

exports[`Todo component > matches snapshot 1`] = `
<DocumentFragment>
  <div>
    <div
      class="EditableTodo"
    >
      <div
        class="mb-3"
      >
        <div
          class="float-end text-sm-end"
        >
          <button
            class="EditableTodo-toggle btn-link btn btn-sm"
          >
            Edit
          </button>
          <button
            class="EditableTodo-delBtn btn-link btn btn-sm text-danger"
          >
            Del
          </button>
        </div>
        <div
          class="Todo"
          id="1"
        >
          <div>
            <b>
              title1
            </b>
             
            <small>
              Priority: 1
            </small>
          </div>
          <div>
            <small>
              description1
            </small>
          </div>
        </div>
      </div>
    </div>
    <div
      class="EditableTodo"
    >
      <div
        class="mb-3"
      >
        <div
          class="float-end text-sm-end"
        >
          <button
            class="EditableTodo-toggle btn-link btn btn-sm"
          >
            Edit
          </button>
          <button
            class="EditableTodo-delBtn btn-link btn btn-sm text-danger"
          >
            Del
          </button>
        </div>
        <div
          class="Todo"
          id="2"
        >
          <div>
            <b>
              title2
            </b>
             
            <small>
              Priority: 2
            </small>
          </div>
          <div>
            <small>
              description2
            </small>
          </div>
        </div>
      </div>
    </div>
    <div
      class="EditableTodo"
    >
      <div
        class="mb-3"
      >
        <div
          class="float-end text-sm-end"
        >
          <button
            class="EditableTodo-toggle btn-link btn btn-sm"
          >
            Edit
          </button>
          <button
            class="EditableTodo-delBtn btn-link btn btn-sm text-danger"
          >
            Del
          </button>
        </div>
        <div
          class="Todo"
          id="3"
        >
          <div>
            <b>
              title3
            </b>
             
            <small>
              Priority: 3
            </small>
          </div>
          <div>
            <small>
              description3
            </small>
          </div>
        </div>
      </div>
    </div>
  </div>
</DocumentFragment>
`;
