// Vitest Snapshot v1, https://vitest.dev/guide/snapshot.html

exports[`Footer component > matches snapshot 1`] = `
<DocumentFragment>
  <footer
    class="App-footer mt-5 text-muted"
  >
    <small>
      Prødutïv is copyright ©2020 by Flüffy Data Enterprises, Inc.
    </small>
  </footer>
</DocumentFragment>
`;
