// Vitest Snapshot v1, https://vitest.dev/guide/snapshot.html

exports[`Todo component > matches snapshot 1`] = `
<DocumentFragment>
  <div
    class="Todo"
    id="1"
  >
    <div>
      <b>
        title1
      </b>
       
      <small>
        Priority: 1
      </small>
    </div>
    <div>
      <small>
        description1
      </small>
    </div>
  </div>
</DocumentFragment>
`;
